\BOOKMARK [1][-]{Doc-Start}{\376\377\000A\000b\000s\000t\000r\000a\000c\000t}{}% 1
\BOOKMARK [1][-]{Doc-Start}{\376\377\000T\000a\000b\000l\000e\000\040\000o\000f\000\040\000C\000o\000n\000t\000e\000n\000t\000s}{}% 2
\BOOKMARK [1][-]{Doc-Start}{\376\377\000L\000i\000s\000t\000\040\000o\000f\000\040\000F\000i\000g\000u\000r\000e\000s}{}% 3
\BOOKMARK [1][-]{section.1}{\376\377\000I\000n\000t\000r\000o\000d\000u\000c\000t\000i\000o\000n}{}% 4
\BOOKMARK [2][-]{subsection.1.1}{\376\377\000B\000a\000c\000k\000g\000r\000o\000u\000n\000d}{section.1}% 5
\BOOKMARK [2][-]{subsection.1.2}{\376\377\000P\000r\000o\000b\000l\000e\000m\000\040\000S\000t\000a\000t\000e\000m\000e\000n\000t}{section.1}% 6
\BOOKMARK [2][-]{subsection.1.3}{\376\377\000O\000b\000j\000e\000c\000t\000i\000v\000e\000s}{section.1}% 7
\BOOKMARK [2][-]{subsection.1.4}{\376\377\000M\000o\000t\000i\000v\000a\000t\000i\000o\000n\000\040\000a\000n\000d\000\040\000S\000i\000g\000n\000i\000f\000i\000c\000a\000n\000c\000e}{section.1}% 8
\BOOKMARK [1][-]{section.2}{\376\377\000R\000e\000l\000a\000t\000e\000d\000\040\000W\000o\000r\000k}{}% 9
\BOOKMARK [2][-]{subsection.2.1}{\376\377\000C\000i\000t\000a\000t\000i\000o\000n\000\040\000N\000e\000t\000w\000o\000r\000k\000s\000\040\000a\000s\000\040\000S\000c\000h\000o\000l\000a\000r\000l\000y\000\040\000K\000n\000o\000w\000l\000e\000d\000g\000e\000\040\000G\000r\000a\000p\000h\000s}{section.2}% 10
\BOOKMARK [2][-]{subsection.2.2}{\376\377\000C\000o\000m\000m\000u\000n\000i\000t\000y\000\040\000D\000e\000t\000e\000c\000t\000i\000o\000n\000\040\000i\000n\000\040\000S\000t\000a\000t\000i\000c\000\040\000a\000n\000d\000\040\000D\000y\000n\000a\000m\000i\000c\000\040\000N\000e\000t\000w\000o\000r\000k\000s}{section.2}% 11
\BOOKMARK [2][-]{subsection.2.3}{\376\377\000S\000e\000m\000a\000n\000t\000i\000c\000\040\000R\000e\000p\000r\000e\000s\000e\000n\000t\000a\000t\000i\000o\000n\000\040\000o\000f\000\040\000S\000c\000i\000e\000n\000t\000i\000f\000i\000c\000\040\000T\000e\000x\000t\000\040}{section.2}% 12
\BOOKMARK [2][-]{subsection.2.4}{\376\377\000D\000e\000e\000p\000\040\000G\000r\000a\000p\000h\000\040\000N\000e\000u\000r\000a\000l\000\040\000N\000e\000t\000w\000o\000r\000k\000s\000\040\000a\000n\000d\000\040\000O\000v\000e\000r\000s\000m\000o\000o\000t\000h\000i\000n\000g\000\040}{section.2}% 13
\BOOKMARK [2][-]{subsection.2.5}{\376\377\000B\000i\000b\000l\000i\000o\000m\000e\000t\000r\000i\000c\000\040\000I\000n\000d\000i\000c\000a\000t\000o\000r\000s\000\040\000o\000f\000\040\000I\000m\000p\000a\000c\000t\000\040\000a\000n\000d\000\040\000D\000e\000l\000a\000y\000e\000d\000\040\000R\000e\000c\000o\000g\000n\000i\000t\000i\000o\000n}{section.2}% 14
\BOOKMARK [1][-]{section.3}{\376\377\000D\000e\000s\000i\000g\000n\000\040\000a\000n\000d\000\040\000I\000m\000p\000l\000e\000m\000e\000n\000t\000a\000t\000i\000o\000n}{}% 15
\BOOKMARK [2][-]{subsection.3.1}{\376\377\000D\000a\000t\000a\000\040\000C\000o\000l\000l\000e\000c\000t\000i\000o\000n}{section.3}% 16
\BOOKMARK [2][-]{subsection.3.2}{\376\377\000G\000r\000a\000p\000h\000\040\000C\000o\000n\000s\000t\000r\000u\000c\000t\000i\000o\000n}{section.3}% 17
\BOOKMARK [3][-]{subsubsection.3.2.1}{\376\377\000C\000i\000t\000a\000t\000i\000o\000n\000\040\000G\000r\000a\000p\000h}{subsection.3.2}% 18
\BOOKMARK [3][-]{subsubsection.3.2.2}{\376\377\000P\000a\000p\000e\000r\000-\000A\000u\000t\000h\000o\000r\000\040\000G\000r\000a\000p\000h\000s}{subsection.3.2}% 19
\BOOKMARK [2][-]{subsection.3.3}{\376\377\000C\000o\000m\000m\000u\000n\000i\000t\000y\000\040\000D\000e\000t\000e\000c\000t\000i\000o\000n}{section.3}% 20
\BOOKMARK [2][-]{subsection.3.4}{\376\377\000T\000o\000p\000i\000c\000\040\000E\000x\000t\000r\000a\000c\000t\000i\000o\000n}{section.3}% 21
\BOOKMARK [2][-]{subsection.3.5}{\376\377\000E\000m\000b\000e\000d\000d\000i\000n\000g\000s}{section.3}% 22
\BOOKMARK [3][-]{subsubsection.3.5.1}{\376\377\000S\000e\000m\000a\000n\000t\000i\000c\000\040\000E\000m\000b\000e\000d\000d\000i\000n\000g\000s\000\040\000o\000f\000\040\000P\000a\000p\000e\000r\000s}{subsection.3.5}% 23
\BOOKMARK [3][-]{subsubsection.3.5.2}{\376\377\000E\000m\000b\000e\000d\000d\000i\000n\000g\000s\000\040\000o\000f\000\040\000A\000u\000t\000h\000o\000r\000s}{subsection.3.5}% 24
\BOOKMARK [3][-]{subsubsection.3.5.3}{\376\377\000G\000r\000a\000p\000h\000-\000B\000a\000s\000e\000d\000\040\000E\000m\000b\000e\000d\000d\000i\000n\000g\000s}{subsection.3.5}% 25
\BOOKMARK [2][-]{subsection.3.6}{\376\377\000T\000h\000e\000\040\000R\000a\000n\000k\000i\000n\000g\000\040\000o\000f\000\040\000C\000o\000m\000m\000u\000n\000i\000t\000i\000e\000s}{section.3}% 26
\BOOKMARK [3][-]{subsubsection.3.6.1}{\376\377\000T\000r\000a\000i\000n\000i\000n\000g\000\040\000L\000o\000o\000p}{subsection.3.6}% 27
\BOOKMARK [1][-]{section.4}{\376\377\000S\000y\000s\000t\000e\000m\000\040\000R\000e\000q\000u\000i\000r\000e\000m\000e\000n\000t\000\040\000S\000p\000e\000c\000i\000f\000i\000c\000a\000t\000i\000o\000n}{}% 28
\BOOKMARK [2][-]{subsection.4.1}{\376\377\000S\000o\000f\000t\000w\000a\000r\000e\000\040\000S\000p\000e\000c\000i\000f\000i\000c\000a\000t\000i\000o\000n\000s}{section.4}% 29
\BOOKMARK [3][-]{subsubsection.4.1.1}{\376\377\000F\000r\000o\000n\000t\000-\000E\000n\000d\000\040\000T\000e\000c\000h\000o\000l\000o\000g\000i\000e\000s}{subsection.4.1}% 30
\BOOKMARK [3][-]{subsubsection.4.1.2}{\376\377\000B\000a\000c\000k\000-\000E\000n\000d\000\040\000T\000e\000c\000h\000o\000l\000o\000g\000i\000e\000s}{subsection.4.1}% 31
\BOOKMARK [3][-]{subsubsection.4.1.3}{\376\377\000D\000a\000t\000a\000b\000a\000s\000e\000\040\000S\000y\000s\000t\000e\000m\000s}{subsection.4.1}% 32
\BOOKMARK [3][-]{subsubsection.4.1.4}{\376\377\000M\000a\000c\000h\000i\000n\000e\000\040\000L\000e\000a\000r\000n\000i\000n\000g\000\040\000a\000n\000d\000\040\000A\000I\000\040\000F\000r\000a\000m\000e\000w\000o\000r\000k\000s}{subsection.4.1}% 33
\BOOKMARK [2][-]{subsection.4.2}{\376\377\000H\000a\000r\000d\000w\000a\000r\000e\000\040\000S\000p\000e\000c\000i\000f\000i\000c\000a\000t\000i\000o\000n\000s}{section.4}% 34
\BOOKMARK [3][-]{subsubsection.4.2.1}{\376\377\000M\000i\000n\000i\000m\000u\000m\000\040\000H\000a\000r\000d\000w\000a\000r\000e\000\040\000R\000e\000q\000u\000i\000r\000e\000m\000e\000n\000t\000s}{subsection.4.2}% 35
\BOOKMARK [1][-]{section.5}{\376\377\000P\000r\000o\000j\000e\000c\000t\000\040\000P\000l\000a\000n\000n\000i\000n\000g\000\040\000a\000n\000d\000\040\000S\000c\000h\000e\000d\000u\000l\000i\000n\000g}{}% 36
\BOOKMARK [1][-]{section.6}{\376\377\000E\000x\000p\000e\000c\000t\000e\000d\000\040\000O\000u\000t\000c\000o\000m\000e}{}% 37
\BOOKMARK [1][-]{section.6}{\376\377\000R\000e\000f\000e\000r\000e\000n\000c\000e\000s}{}% 38
